// Jest Snapshot v1, https://goo.gl/fbAQLP

exports[`<IndexView /> should match snapchat 1`] = `
<Fragment>
  <styled.h2>
    Chamahub Index
  </styled.h2>
</Fragment>
`;
