// Jest Snapshot v1, https://goo.gl/fbAQLP

exports[`<Button /> should match snapchat 1`] = `
<button
  className="sc-bczRLJ dtwVFu"
/>
`;
