// Jest Snapshot v1, https://goo.gl/fbAQLP

exports[`<Layout /> should match snapchat 1`] = `
<styled.div>
  <button
    onClick={[MockFunction]}
  >
    Toggle Theme
  </button>
  <styled.div />
</styled.div>
`;
