// Jest Snapshot v1, https://goo.gl/fbAQLP

exports[`<IndexView /> should match snapchat 1`] = `
<Component
  to="/search"
/>
`;
