// Jest Snapshot v1, https://goo.gl/fbAQLP

exports[`<Alert /> should match snapchat 1`] = `
<p
  className="sc-gsTCUz sc-dlfnbm hJhxjN fuVrMn"
/>
`;
