// Jest Snapshot v1, https://goo.gl/fbAQLP

exports[`<Input /> should match snapchat 1`] = `
<input
  className="sc-bczRLJ iA-dVmG"
  placeholder="Type the username"
/>
`;
