// Jest Snapshot v1, https://goo.gl/fbAQLP

exports[`<App /> should match snapchat 1`] = `
<Provider
  store={
    Object {
      "dispatch": [Function],
      "getState": [Function],
      "replaceReducer": [Function],
      "subscribe": [Function],
      Symbol(observable): [Function],
    }
  }
>
  <PersistGate
    loading={null}
    persistor={
      Object {
        "dispatch": [Function],
        "flush": [Function],
        "getState": [Function],
        "pause": [Function],
        "persist": [Function],
        "purge": [Function],
        "replaceReducer": [Function],
        "subscribe": [Function],
        Symbol(observable): [Function],
      }
    }
  >
    <Routes />
    development
    <br />
    development
  </PersistGate>
</Provider>
`;
