// Jest Snapshot v1, https://goo.gl/fbAQLP

exports[`<ThemeIcon /> should match snapchat 1`] = `
<svg
  height="18"
  viewBox="0 0 18 18"
  width="18"
  xmlns="http://www.w3.org/2000/svg"
>
  <g
    transform="translate(-879 -150)"
  >
    <g
      transform="translate(881.174 150)"
    >
      <path
        d="M208.814,173.057a7.878,7.878,0,0,1-6.159-12.8,7.88,7.88,0,1,0,6.4,12.787C208.977,173.048,208.9,173.057,208.814,173.057Z"
        fill="black"
        transform="translate(-195.016 -160.258)"
      />
    </g>
    <rect
      fill="none"
      height="18"
      transform="translate(879 150)"
      width="18"
    />
  </g>
</svg>
`;
